
C:\Users\duong\OneDrive\Desktop\hrm-ai\backend>"C:\Program Files\Java\jdk-21\bin\java.exe" -cp "C:\Users\duong\OneDrive\Desktop\hrm-ai\backend\.mvn\wrapper\maven-wrapper.jar" -Dmaven.multiModuleProjectDirectory="C:\Users\duong\OneDrive\Desktop\hrm-ai\backend\." org.apache.maven.wrapper.MavenWrapperMain test-compile 
[INFO] Scanning for projects...
[INFO] 
[INFO] ------------------------< com.hrm:hrm-backend >-------------------------
[INFO] Building hrm-backend 0.0.1-SNAPSHOT
[INFO]   from pom.xml
[INFO] --------------------------------[ jar ]---------------------------------
[INFO] 
[INFO] --- resources:3.3.1:resources (default-resources) @ hrm-backend ---
[INFO] Copying 1 resource from src\main\resources to target\classes
[INFO] Copying 35 resources from src\main\resources to target\classes
[INFO] 
[INFO] --- compiler:3.11.0:compile (default-compile) @ hrm-backend ---
[INFO] Nothing to compile - all classes are up to date
[INFO] 
[INFO] --- resources:3.3.1:testResources (default-testResources) @ hrm-backend ---
[INFO] skip non existing resourceDirectory C:\Users\duong\OneDrive\Desktop\hrm-ai\backend\src\test\resources
[INFO] 
[INFO] --- compiler:3.11.0:testCompile (default-testCompile) @ hrm-backend ---
[INFO] Nothing to compile - all classes are up to date
[INFO] ------------------------------------------------------------------------
[INFO] BUILD SUCCESS
[INFO] ------------------------------------------------------------------------
[INFO] Total time:  1.497 s
[INFO] Finished at: 2026-04-21T10:21:54+07:00
[INFO] ------------------------------------------------------------------------
